\BOOKMARK [0][-]{chapter*.4}{\376\377\000I\000n\000t\000r\000o\000d\000u\000c\000c\000i\000\363\000n}{}% 1
\BOOKMARK [0][-]{chapter*.5}{\376\377\000O\000b\000j\000e\000t\000i\000v\000o\000s}{}% 2
\BOOKMARK [1][-]{section*.6}{\376\377\000O\000b\000j\000e\000t\000i\000v\000o\000s\000\040\000G\000e\000n\000e\000r\000a\000l}{chapter*.5}% 3
\BOOKMARK [1][-]{section*.6}{\376\377\000O\000b\000j\000e\000t\000i\000v\000o\000\040\000E\000s\000p\000e\000c\000\355\000f\000i\000c\000o}{chapter*.5}% 4
\BOOKMARK [0][-]{chapter*.7}{\376\377\000A\000l\000c\000a\000n\000c\000e}{}% 5
\BOOKMARK [0][-]{chapter*.8}{\376\377\000M\000a\000r\000c\000o\000\040\000T\000e\000\363\000r\000i\000c\000o}{}% 6
\BOOKMARK [0][-]{chapter*.9}{\376\377\000M\000e\000t\000o\000d\000o\000l\000o\000g\000\355\000a\000\040\000d\000e\000\040\000I\000n\000v\000e\000s\000t\000i\000g\000a\000c\000i\000\363\000n\000\040\000y\000\040\000D\000e\000s\000a\000r\000r\000o\000l\000l\000o}{}% 7
\BOOKMARK [1][-]{section*.10}{\376\377\000T\000i\000p\000o\000\040\000y\000\040\000e\000n\000f\000o\000q\000u\000e\000\040\000d\000e\000\040\000l\000a\000\040\000i\000n\000v\000e\000s\000t\000i\000g\000a\000c\000i\000\363\000n}{chapter*.9}% 8
\BOOKMARK [1][-]{section*.10}{\376\377\000P\000r\000o\000c\000e\000s\000o\000\040\000a\000c\000t\000u\000a\000l\000\040\000\050\000A\000S\000-\000I\000S\000\051}{chapter*.9}% 9
\BOOKMARK [1][-]{figure.0.1}{\376\377\000D\000e\000f\000i\000n\000i\000c\000i\000\363\000n\000\040\000d\000e\000l\000\040\000P\000r\000o\000b\000l\000e\000m\000a\000\040\000y\000\040\000R\000e\000q\000u\000e\000r\000i\000m\000i\000e\000n\000t\000o\000s}{chapter*.9}% 10
\BOOKMARK [1][-]{table.0.1}{\376\377\000D\000i\000s\000e\000\361\000o\000\040\000d\000e\000\040\000l\000a\000\040\000s\000o\000l\000u\000c\000i\000\363\000n\000\040\000\050\000T\000O\000-\000B\000E\000\051}{chapter*.9}% 11
\BOOKMARK [1][-]{figure.0.4}{\376\377\000E\000v\000a\000l\000u\000a\000c\000i\000\363\000n\000\040\000d\000e\000\040\000u\000s\000a\000b\000i\000l\000i\000d\000a\000d\000\040\000\050\000p\000i\000l\000o\000t\000o\000\051}{chapter*.9}% 12
\BOOKMARK [1][-]{figure.0.4}{\376\377\000R\000i\000e\000s\000g\000o\000s\000\040\000y\000\040\000m\000i\000t\000i\000g\000a\000c\000i\000\363\000n}{chapter*.9}% 13
\BOOKMARK [1][-]{table.0.2}{\376\377\000R\000e\000s\000u\000m\000e\000n\000\040\000m\000e\000t\000o\000d\000o\000l\000\363\000g\000i\000c\000o}{chapter*.9}% 14
\BOOKMARK [0][-]{chapter*.11}{\376\377\000R\000e\000s\000u\000l\000t\000a\000d\000o\000s}{}% 15
\BOOKMARK [1][-]{section*.12}{\376\377\000R\000e\000s\000u\000m\000e\000n}{chapter*.11}% 16
\BOOKMARK [1][-]{section*.12}{\376\377\000I\000n\000d\000i\000c\000a\000d\000o\000r\000e\000s\000\040\000c\000u\000a\000n\000t\000i\000t\000a\000t\000i\000v\000o\000s}{chapter*.11}% 17
\BOOKMARK [1][-]{table.0.4}{\376\377\000R\000e\000s\000u\000l\000t\000a\000d\000o\000s\000\040\000p\000o\000r\000\040\000m\000\363\000d\000u\000l\000o}{chapter*.11}% 18
\BOOKMARK [1][-]{table.0.4}{\376\377\000U\000s\000a\000b\000i\000l\000i\000d\000a\000d\000\040\000\050\000p\000i\000l\000o\000t\000o\000\051}{chapter*.11}% 19
\BOOKMARK [1][-]{table.0.5}{\376\377\000E\000s\000t\000a\000b\000i\000l\000i\000d\000a\000d\000\040\000y\000\040\000r\000e\000n\000d\000i\000m\000i\000e\000n\000t\000o}{chapter*.11}% 20
\BOOKMARK [1][-]{table.0.5}{\376\377\000C\000o\000m\000p\000a\000r\000a\000t\000i\000v\000a\000\040\000A\000S\000-\000I\000S\000\040\000v\000s\000\040\000T\000O\000-\000B\000E}{chapter*.11}% 21
\BOOKMARK [1][-]{table.0.6}{\376\377\000C\000o\000m\000p\000a\000r\000a\000t\000i\000v\000a\000\040\000c\000o\000n\000\040\000S\000o\000l\000u\000c\000i\000o\000n\000e\000s\000\040\000d\000e\000\040\000M\000e\000r\000c\000a\000d\000o}{chapter*.11}% 22
\BOOKMARK [1][-]{table.0.7}{\376\377\000I\000n\000c\000i\000d\000e\000n\000t\000e\000s\000\040\000y\000\040\000r\000e\000s\000o\000l\000u\000c\000i\000\363\000n\000\040\000d\000e\000\040\000c\000o\000n\000f\000l\000i\000c\000t\000o\000s}{chapter*.11}% 23
\BOOKMARK [1][-]{table.0.7}{\376\377\000L\000i\000m\000i\000t\000a\000c\000i\000o\000n\000e\000s\000\040\000y\000\040\000a\000m\000e\000n\000a\000z\000a\000s\000\040\000a\000\040\000l\000a\000\040\000v\000a\000l\000i\000d\000e\000z}{chapter*.11}% 24
\BOOKMARK [1][-]{table.0.7}{\376\377\000E\000s\000t\000a\000d\000o\000\040\000d\000e\000\040\000r\000i\000e\000s\000g\000o\000s\000\040\000y\000\040\000m\000i\000t\000i\000g\000a\000c\000i\000\363\000n}{chapter*.11}% 25
\BOOKMARK [1][-]{table.0.8}{\376\377\000L\000e\000c\000c\000i\000o\000n\000e\000s\000\040\000a\000p\000r\000e\000n\000d\000i\000d\000a\000s\000\040\000y\000\040\000p\000r\000\363\000x\000i\000m\000o\000s\000\040\000p\000a\000s\000o\000s}{chapter*.11}% 26
\BOOKMARK [0][-]{chapter*.13}{\376\377\000C\000o\000n\000c\000l\000u\000s\000i\000o\000n\000e\000s}{}% 27
\BOOKMARK [0][-]{appendix*.14}{\376\377\000A\000p\000\351\000n\000d\000i\000c\000e}{}% 28
\BOOKMARK [1][-]{section*.15}{\376\377\000C\000o\000d\000i\000g\000o\000\040\000f\000u\000e\000n\000t\000e}{appendix*.14}% 29
\BOOKMARK [1][-]{section*.15}{\376\377\000I\000m\000p\000l\000e\000m\000e\000n\000t\000a\000c\000i\000\363\000n\000\040\000d\000e\000\040\000P\000l\000a\000t\000a\000f\000o\000r\000m\000a}{appendix*.14}% 30
\BOOKMARK [0][-]{appendix*.16}{\376\377\000G\000l\000o\000s\000a\000r\000i\000o\000\040\000d\000e\000\040\000T\000\351\000r\000m\000i\000n\000o\000s}{}% 31
\BOOKMARK [0][-]{appendix*.17}{\376\377\000B\000i\000b\000l\000i\000o\000g\000r\000a\000f\000i\000a}{}% 32
